******************************************************************************
                  TI ARM Linker PC v20.2.1                     
******************************************************************************
>> Linked Tue Dec 14 13:10:10 2021

OUTPUT FILE NAME:   <Pneumatics fromNextFlex.out>
ENTRY POINT SYMBOL: "_c_int00_noargs"  address: 0000337d


MEMORY CONFIGURATION

         name            origin    length      used     unused   attr    fill
----------------------  --------  ---------  --------  --------  ----  --------
  MAIN                  00000000   00040000  000043d8  0003bc28  R  X
  INFO                  00200000   00004000  00000000  00004000  R  X
  SRAM_CODE             01000000   00010000  00000da4  0000f25c  RW X
  SRAM_DATA             20000000   00010000  00000da4  0000f25c  RW  


SEGMENT ALLOCATION MAP

run origin  load origin   length   init length attrs members
----------  ----------- ---------- ----------- ----- -------
00000000    00000000    000043d8   000043d8    r-x
  00000000    00000000    000000e4   000000e4    r-- .intvecs
  000000e4    000000e4    00004064   00004064    r-x .text
  00004148    00004148    00000210   00000210    r-- .const
  00004358    00004358    00000080   00000080    r-- .cinit
20000000    20000000    00000ba4   00000000    rw-
  20000000    20000000    00000610   00000000    rw- .bss
  20000610    20000610    00000400   00000000    rw- .sysmem
  20000a10    20000a10    00000194   00000000    rw- .data
2000fe00    2000fe00    00000200   00000000    rw-
  2000fe00    2000fe00    00000200   00000000    rw- .stack


SECTION ALLOCATION MAP

 output                                  attributes/
section   page    origin      length       input sections
--------  ----  ----------  ----------   ----------------
.intvecs   0    00000000    000000e4     
                  00000000    000000e4     startup_msp432p401r_ccs.obj (.intvecs:retain)

.text      0    000000e4    00004064     
                  000000e4    000006c8     sense.obj (.text)
                  000007ac    0000036c     initialization.obj (.text)
                  00000b18    00000344     comms.obj (.text)
                  00000e5c    00000334     system_msp432p401r.obj (.text)
                  00001190    000002e8     encoder.obj (.text)
                  00001478    000002c8     control.obj (.text)
                  00001740    000001c8     main.obj (.text)
                  00001908    000001b6     rtsv7M4_T_le_v4SPD16_eabi.lib : fd_add_t2.asm.obj (.text)
                  00001abe    00000002                                   : _lock.c.obj (.text:_nop)
                  00001ac0    00000154     msp432p4xx_driverlib.lib : adc14.o (.text:_getIndexForMemRegister)
                  00001c14    0000014c                              : cs.o (.text:CS_setDCOFrequency)
                  00001d60    0000013e     sense.obj (.text:_ZNSt3__227__tree_balance_after_insertIPNS_16__tree_node_baseIPvEEEEvT_S5_)
                  00001e9e    00000136     rtsv7M4_T_le_v4SPD16_eabi.lib : fd_div_t2.asm.obj (.text)
                  00001fd4    00000108                                   : memory.c.obj (.text:aligned_alloc)
                  000020dc    000000fc                                   : fd_mul_t2.asm.obj (.text)
                  000021d8    000000e4                                   : memory.c.obj (.text:free)
                  000022bc    000000e0     msp432p4xx_driverlib.lib : cs.o (.text:CS_initClockSignal)
                  0000239c    000000b2                              : timer_a.o (.text:privateTimer_AProcessClockSourceDivider)
                  0000244e    000000a8     sense.obj (.text:_ZNSt3__26__treeINS_12__value_typeIi13sensor_structEENS_19__map_value_compareIiS3_NS_4lessIiEELb1EEENS_9allocatorIS3_EEE12__find_equalIiEERPNS_16__tree_node_baseIPvEERPNS_15__tree_end_nodeISF_EERKT_)
                  000024f6    0000009c     rtsv7M4_T_le_v4SPD16_eabi.lib : memcpy_t2.asm.obj (.text)
                  00002592    00000002     --HOLE-- [fill = 0]
                  00002594    00000094     msp432p4xx_driverlib.lib : uart.o (.text:UART_initModule)
                  00002628    00000092     sense.obj (.text:_ZNSt3__26__treeINS_12__value_typeIi13sensor_structEENS_19__map_value_compareIiS3_NS_4lessIiEELb1EEENS_9allocatorIS3_EEE25__emplace_unique_key_argsIiJRKNS_21piecewise_construct_tENS_5tupleIJOiEEENSF_IJEEEEEENS_4pairINS_15__tree_iteratorIS3_PNS_11__tree_nodeIS3_PvEEiEEbEERKT_DpOT0_)
                  000026ba    00000092     sense.obj (.text:_ZNSt3__26__treeINS_12__value_typeIi13sensor_structEENS_19__map_value_compareIiS3_NS_4lessIiEELb1EEENS_9allocatorIS3_EEE25__emplace_unique_key_argsIiJRKNS_21piecewise_construct_tENS_5tupleIJRKiEEENSF_IJEEEEEENS_4pairINS_15__tree_iteratorIS3_PNS_11__tree_nodeIS3_PvEEiEEbEERKT_DpOT0_)
                  0000274c    00000082     sense.obj (.text:_ZNSt3__26__treeINS_12__value_typeIi13sensor_structEENS_19__map_value_compareIiS3_NS_4lessIiEELb1EEENS_9allocatorIS3_EEE16__construct_nodeIJRKNS_21piecewise_construct_tENS_5tupleIJOiEEENSF_IJEEEEEENS_10unique_ptrINS_11__tree_nodeIS3_PvEENS_22__tree_node_destructorINS8_ISM_EEEEEEDpOT_)
                  000027ce    00000082     sense.obj (.text:_ZNSt3__26__treeINS_12__value_typeIi13sensor_structEENS_19__map_value_compareIiS3_NS_4lessIiEELb1EEENS_9allocatorIS3_EEE16__construct_nodeIJRKNS_21piecewise_construct_tENS_5tupleIJRKiEEENSF_IJEEEEEENS_10unique_ptrINS_11__tree_nodeIS3_PvEENS_22__tree_node_destructorINS8_ISN_EEEEEEDpOT_)
                  00002850    0000007a     rtsv7M4_T_le_v4SPD16_eabi.lib : memset_t2.asm.obj (.text)
                  000028ca    00000002     --HOLE-- [fill = 0]
                  000028cc    00000078     msp432p4xx_driverlib.lib : adc14.o (.text:ADC14_configureMultiSequenceMode)
                  00002944    00000070     rtsv7M4_T_le_v4SPD16_eabi.lib : memory.c.obj (.text:split)
                  000029b4    0000006e                                   : fd_tos_t2.asm.obj (.text)
                  00002a22    00000002     --HOLE-- [fill = 0]
                  00002a24    0000006c     msp432p4xx_driverlib.lib : adc14.o (.text:ADC14_configureConversionMemory)
                  00002a90    00000068     rtsv7M4_T_le_v4SPD16_eabi.lib : copy_decompress_lzss.c.obj (.text:decompress:lzss:__TI_decompress_lzss)
                  00002af8    00000064     msp432p4xx_driverlib.lib : interrupt.o (.text:Interrupt_enableInterrupt)
                  00002b5c    00000060     sense.obj (.text:_ZNSt3__26__treeINS_12__value_typeIi13sensor_structEENS_19__map_value_compareIiS3_NS_4lessIiEELb1EEENS_9allocatorIS3_EEE16__insert_node_atEPNS_15__tree_end_nodeIPNS_16__tree_node_baseIPvEEEERSF_SF_)
                  00002bbc    00000056     sense.obj (.text:_ZNSt3__218__tree_left_rotateIPNS_16__tree_node_baseIPvEEEEvT_)
                  00002c12    00000056     sense.obj (.text:_ZNSt3__219__tree_right_rotateIPNS_16__tree_node_baseIPvEEEEvT_)
                  00002c68    00000054     msp432p4xx_driverlib.lib : cs.o (.text:CS_tuneDCOFrequency)
                  00002cbc    00000050                              : sysctl.o (.text:SysCtl_getTLVInfo)
                  00002d0c    0000004c                              : gpio.o (.text:GPIO_setAsPeripheralModuleFunctionOutputPin)
                  00002d58    0000004c     sense.obj (.text:_ZNSt3__23mapIi13sensor_structNS_4lessIiEENS_9allocatorINS_4pairIKiS1_EEEEEixEOi)
                  00002da4    00000048     msp432p4xx_driverlib.lib : gpio.o (.text:GPIO_setAsPeripheralModuleFunctionInputPin)
                  00002dec    00000048                              : timer_a.o (.text:Timer_A_generatePWM)
                  00002e34    00000048     sense.obj (.text:_ZNSt3__23mapIi13sensor_structNS_4lessIiEENS_9allocatorINS_4pairIKiS1_EEEEEixERS6_)
                  00002e7c    00000048     rtsv7M4_T_le_v4SPD16_eabi.lib : exit.c.obj (.text:exit)
                  00002ec4    00000048                                   : fd_toi_t2.asm.obj (.text)
                  00002f0c    00000046     sense.obj (.text:_ZNSt3__29allocatorINS_11__tree_nodeINS_12__value_typeIi13sensor_structEEPvEEE9constructINS_4pairIKiS3_EEJRKNS_21piecewise_construct_tENS_5tupleIJOiEEENSF_IJEEEEEEvPT_DpOT0_)
                  00002f52    00000046     sense.obj (.text:_ZNSt3__29allocatorINS_11__tree_nodeINS_12__value_typeIi13sensor_structEEPvEEE9constructINS_4pairIKiS3_EEJRKNS_21piecewise_construct_tENS_5tupleIJRSA_EEENSF_IJEEEEEEvPT_DpOT0_)
                  00002f98    00000044     msp432p4xx_driverlib.lib : timer_a.o (.text:Timer_A_configureUpMode)
                  00002fdc    00000044     rtsv7M4_T_le_v4SPD16_eabi.lib : dtor_list.c.obj (.text:_Z25__add_destruction_to_listPP20a_needed_destructionPFYvPvES2_S2_)
                  00003020    00000044                                   : autoinit.c.obj (.text:__TI_auto_init_nobinit_nopinit:__TI_auto_init_nobinit_nopinit)
                  00003064    00000042                                   : dtor_list.c.obj (.text:_Z23__finalize_destructionsPP20a_needed_destructionPv)
                  000030a6    00000042     sense.obj (.text:_ZNSt3__26__treeINS_12__value_typeIi13sensor_structEENS_19__map_value_compareIiS3_NS_4lessIiEELb1EEENS_9allocatorIS3_EEE7destroyEPNS_11__tree_nodeIS3_PvEE)
                  000030e8    0000003a     sense.obj (.text:_ZNSt3__216allocator_traitsINS_9allocatorINS_11__tree_nodeINS_12__value_typeIi13sensor_structEEPvEEEEE9constructINS_4pairIKiS4_EEJRKNS_21piecewise_construct_tENS_5tupleIJOiEEENSH_IJEEEEEEvRS8_PT_DpOT0_)
                  00003122    0000003a     sense.obj (.text:_ZNSt3__216allocator_traitsINS_9allocatorINS_11__tree_nodeINS_12__value_typeIi13sensor_structEEPvEEEEE9constructINS_4pairIKiS4_EEJRKNS_21piecewise_construct_tENS_5tupleIJRSC_EEENSH_IJEEEEEEvRS8_PT_DpOT0_)
                  0000315c    00000038     msp432p4xx_driverlib.lib : adc14.o (.text:ADC14_initModule)
                  00003194    00000038     sense.obj (.text:_ZNSt3__216allocator_traitsINS_9allocatorINS_11__tree_nodeINS_12__value_typeIi13sensor_structEEPvEEEEE11__constructINS_4pairIKiS4_EEJRKNS_21piecewise_construct_tENS_5tupleIJOiEEENSH_IJEEEEEEvNS_17integral_constantIbLb1EEERS8_PT_DpOT0_)
                  000031cc    00000038     sense.obj (.text:_ZNSt3__216allocator_traitsINS_9allocatorINS_11__tree_nodeINS_12__value_typeIi13sensor_structEEPvEEEEE11__constructINS_4pairIKiS4_EEJRKNS_21piecewise_construct_tENS_5tupleIJRSC_EEENSH_IJEEEEEEvNS_17integral_constantIbLb1EEERS8_PT_DpOT0_)
                  00003204    00000038     sense.obj (.text:_ZNSt3__24pairIKi13sensor_structEC1IJOiEJEEENS_21piecewise_construct_tENS_5tupleIJDpT_EEENS7_IJDpT0_EEE)
                  0000323c    00000038     sense.obj (.text:_ZNSt3__24pairIKi13sensor_structEC1IJRS1_EJEEENS_21piecewise_construct_tENS_5tupleIJDpT_EEENS7_IJDpT0_EEE)
                  00003274    00000038     rtsv7M4_T_le_v4SPD16_eabi.lib : fs_tod_t2.asm.obj (.text)
                  000032ac    00000034     comms.obj (.text:_ZNSt3__26__copyIPVfPfEET0_T_S5_S4_)
                  000032e0    00000034     comms.obj (.text:_ZNSt3__26__copyIPfPVfEET0_T_S5_S4_)
                  00003314    00000034     sense.obj (.text:_ZNSt3__26__treeINS_12__value_typeIi13sensor_structEENS_19__map_value_compareIiS3_NS_4lessIiEELb1EEENS_9allocatorIS3_EEEC1ERKS7_)
                  00003348    00000034     rtsv7M4_T_le_v4SPD16_eabi.lib : dtor_list.c.obj (.text:__aeabi_atexit)
                  0000337c    00000034                                   : boot_cortex_m.c.obj (.text:_c_int00_noargs:_c_int00_noargs)
                  000033b0    00000032     sense.obj (.text:_ZNSt3__24pairIKi13sensor_structEC1IJOiEJEJLj0EEJEEENS_21piecewise_construct_tERNS_5tupleIJDpT_EEERNS7_IJDpT0_EEENS_15__tuple_indicesIJXT1_EEEENSG_IJXT2_EEEE)
                  000033e2    00000032     sense.obj (.text:_ZNSt3__24pairIKi13sensor_structEC1IJRS1_EJEJLj0EEJEEENS_21piecewise_construct_tERNS_5tupleIJDpT_EEERNS7_IJDpT0_EEENS_15__tuple_indicesIJXT1_EEEENSG_IJXT2_EEEE)
                  00003414    00000032     sense.obj (.text:_ZNSt3__25tupleIJOiEEC1IJiELb0ELb0EEEDpOT_)
                  00003446    00000002     --HOLE-- [fill = 0]
                  00003448    00000030     msp432p4xx_driverlib.lib : gpio.o (.text:GPIO_getEnabledInterruptStatus)
                  00003478    00000030                              : gpio.o (.text:GPIO_setAsInputPinWithPullDownResistor)
                  000034a8    00000030                              : gpio.o (.text:GPIO_setAsInputPinWithPullUpResistor)
                  000034d8    00000030     sense.obj (.text:_ZNSt3__222__tree_node_destructorINS_9allocatorINS_11__tree_nodeINS_12__value_typeIi13sensor_structEEPvEEEEEclEPS7_)
                  00003508    0000002e     sense.obj (.text:_ZNSt3__25tupleIJRKiEEC1ILb1ELb0EEES2_)
                  00003536    00000002     --HOLE-- [fill = 0]
                  00003538    0000002c     msp432p4xx_driverlib.lib : adc14.o (.text:ADC14_enableConversion)
                  00003564    0000002c     sense.obj (.text:_ZNSt3__210unique_ptrINS_11__tree_nodeINS_12__value_typeIi13sensor_structEEPvEENS_22__tree_node_destructorINS_9allocatorIS6_EEEEE5resetEPS6_)
                  00003590    0000002c     sense.obj (.text:_ZNSt3__29allocatorINS_11__tree_nodeINS_12__value_typeIi13sensor_structEEPvEEE8allocateEjPKv)
                  000035bc    0000002a     sense.obj (.text:_ZNSt3__217__compressed_pairIPNS_11__tree_nodeINS_12__value_typeIi13sensor_structEEPvEENS_22__tree_node_destructorINS_9allocatorIS6_EEEEEC1IRS7_SB_EEOT_OT0_)
                  000035e6    0000002a     sense.obj (.text:_ZNSt3__217__compressed_pairIPNS_11__tree_nodeINS_12__value_typeIi13sensor_structEEPvEENS_22__tree_node_destructorINS_9allocatorIS6_EEEEEC1IS7_SB_EEOT_OT0_)
                  00003610    0000002a     comms.obj (.text:_ZNSt3__24copyIPVfPfEET0_T_S5_S4_)
                  0000363a    0000002a     comms.obj (.text:_ZNSt3__24copyIPfPVfEET0_T_S5_S4_)
                  00003664    00000028     msp432p4xx_driverlib.lib : adc14.o (.text:ADC14_enableSampleTimer)
                  0000368c    00000028                              : flash.o (.text:FlashCtl_setWaitState)
                  000036b4    00000028     sense.obj (.text:_ZNSt3__217__compressed_pairIjNS_19__map_value_compareIiNS_12__value_typeIi13sensor_structEENS_4lessIiEELb1EEEEC1IiRKS7_EEOT_OT0_)
                  000036dc    00000028     rtsv7M4_T_le_v4SPD16_eabi.lib : memory.c.obj (.text:free_list_insert)
                  00003704    00000026     sense.obj (.text:_ZNSt3__210unique_ptrINS_11__tree_nodeINS_12__value_typeIi13sensor_structEEPvEENS_22__tree_node_destructorINS_9allocatorIS6_EEEEEC1EOSB_)
                  0000372a    00000002     --HOLE-- [fill = 0]
                  0000372c    00000024     msp432p4xx_driverlib.lib : cs.o (.text:CS_setDCOCenteredFrequency)
                  00003750    00000024                              : gpio.o (.text:GPIO_setAsOutputPin)
                  00003774    00000024                              : interrupt.o (.text:Interrupt_setPriority)
                  00003798    00000024                              : uart.o (.text:UART_receiveData)
                  000037bc    00000024                              : uart.o (.text:UART_transmitData)
                  000037e0    00000024     sense.obj (.text:_ZNSt3__24pairINS_15__tree_iteratorINS_12__value_typeIi13sensor_structEEPNS_11__tree_nodeIS4_PvEEiEEbEC1IS9_RbLb0EEEOT_OT0_)
                  00003804    00000022     sense.obj (.text:_ZNSt3__212__tuple_implINS_15__tuple_indicesIJLj0EEEEJOiEEC1IJLj0EEJS3_EJEJEJiEEENS1_IJXT_EEEENS_13__tuple_typesIJDpT0_EEENS1_IJXT1_EEEENS7_IJDpT2_EEEDpOT3_)
                  00003826    00000022     sense.obj (.text:_ZNSt3__212__tuple_implINS_15__tuple_indicesIJLj0EEEEJRKiEEC1IJLj0EEJS4_EJEJEJS4_EEENS1_IJXT_EEEENS_13__tuple_typesIJDpT0_EEENS1_IJXT1_EEEENS8_IJDpT2_EEEDpOT3_)
                  00003848    00000022     rtsv7M4_T_le_v4SPD16_eabi.lib : new.cpp.obj (.text:_Znwj)
                  0000386a    00000002     --HOLE-- [fill = 0]
                  0000386c    00000020     msp432p4xx_driverlib.lib : adc14.o (.text:ADC14_toggleConversionTrigger)
                  0000388c    00000020                              : gpio.o (.text:GPIO_interruptEdgeSelect)
                  000038ac    00000020     sense.obj (.text:_ZNSt3__222__tree_node_destructorINS_9allocatorINS_11__tree_nodeINS_12__value_typeIi13sensor_structEEPvEEEEEC1ERS8_b)
                  000038cc    0000001e     sense.obj (.text:_ZNKSt3__24lessIiEclERKiS3_)
                  000038ea    0000001c     sense.obj (.text:_ZNSt3__210unique_ptrINS_11__tree_nodeINS_12__value_typeIi13sensor_structEEPvEENS_22__tree_node_destructorINS_9allocatorIS6_EEEEE7releaseEv)
                  00003906    0000001c     sense.obj (.text:_ZNSt3__210unique_ptrINS_11__tree_nodeINS_12__value_typeIi13sensor_structEEPvEENS_22__tree_node_destructorINS_9allocatorIS6_EEEEEC1ILb1EvEEPS6_NS_16__dependent_typeINS_27__unique_ptr_deleter_sfinaeISA_EEXT_EE20__good_rval_ref_typeE)
                  00003922    00000002     --HOLE-- [fill = 0]
                  00003924    0000001c     rtsv7M4_T_le_v4SPD16_eabi.lib : memory.c.obj (.text:free_list_remove)
                  00003940    0000001a     msp432p4xx_driverlib.lib : timer_a.o (.text:Timer_A_clearCaptureCompareInterrupt)
                  0000395a    0000001a     sense.obj (.text:_ZNSt3__220__tree_is_left_childIPNS_16__tree_node_baseIPvEEEEbT_)
                  00003974    0000001a     sense.obj (.text:_ZNSt3__23mapIi13sensor_structNS_4lessIiEENS_9allocatorINS_4pairIKiS1_EEEEEC1Ev)
                  0000398e    00000002     --HOLE-- [fill = 0]
                  00003990    00000018     msp432p4xx_driverlib.lib : gpio.o (.text:GPIO_clearInterruptFlag)
                  000039a8    00000018                              : gpio.o (.text:GPIO_getInputPinValue)
                  000039c0    00000018                              : gpio.o (.text:GPIO_setOutputLowOnPin)
                  000039d8    00000018                              : wdt_a.o (.text:WDT_A_holdTimer)
                  000039f0    00000018     sense.obj (.text:_ZNSt3__222__compressed_pair_elemINS_22__tree_node_destructorINS_9allocatorINS_11__tree_nodeINS_12__value_typeIi13sensor_structEEPvEEEEEELi1ELb0EEC1ISA_vEEOT_)
                  00003a08    00000016     msp432p4xx_driverlib.lib : uart.o (.text:UART_enableInterrupt)
                  00003a1e    00000016     sense.obj (.text:_ZNSt3__216forward_as_tupleIJRKiEEENS_5tupleIJDpOT_EEES6_)
                  00003a34    00000016     sense.obj (.text:_ZNSt3__216forward_as_tupleIJiEEENS_5tupleIJDpOT_EEES4_)
                  00003a4a    00000016     sense.obj (.text:_ZNSt3__222__compressed_pair_elemIPNS_11__tree_nodeINS_12__value_typeIi13sensor_structEEPvEELi0ELb0EEC1IRS7_vEEOT_)
                  00003a60    00000016     sense.obj (.text:_ZNSt3__222__compressed_pair_elemIPNS_11__tree_nodeINS_12__value_typeIi13sensor_structEEPvEELi0ELb0EEC1IS7_vEEOT_)
                  00003a76    00000016     sense.obj (.text:_ZNSt3__222__compressed_pair_elemIjLi0ELb0EEC1IivEEOT_)
                  00003a8c    00000016     sense.obj (.text:_ZNSt3__26__treeINS_12__value_typeIi13sensor_structEENS_19__map_value_compareIiS3_NS_4lessIiEELb1EEENS_9allocatorIS3_EEED1Ev)
                  00003aa2    00000002     --HOLE-- [fill = 0]
                  00003aa4    00000014     msp432p4xx_driverlib.lib : adc14.o (.text:ADC14_isBusy)
                  00003ab8    00000014                              : adc14.o (.text:ADC14_setResolution)
                  00003acc    00000014                              : adc14.o (.text:ADCIsConversionRunning)
                  00003ae0    00000014                              : fpu.o (.text:FPU_enableModule)
                  00003af4    00000014                              : gpio.o (.text:GPIO_enableInterrupt)
                  00003b08    00000014                              : gpio.o (.text:GPIO_setOutputHighOnPin)
                  00003b1c    00000014                              : gpio.o (.text:GPIO_toggleOutputOnPin)
                  00003b30    00000014     sense.obj (.text:_ZNKSt3__219__map_value_compareIiNS_12__value_typeIi13sensor_structEENS_4lessIiEELb1EEclERKS3_RKi)
                  00003b44    00000014     sense.obj (.text:_ZNKSt3__219__map_value_compareIiNS_12__value_typeIi13sensor_structEENS_4lessIiEELb1EEclERKiRKS3_)
                  00003b58    00000014     sense.obj (.text:_ZNSt3__212__tuple_leafILj0EOiLb0EEC1IivEEOT_)
                  00003b6c    00000014     sense.obj (.text:_ZNSt3__212__tuple_leafILj0ERKiLb0EEC1IS2_vEEOT_)
                  00003b80    00000014     sense.obj (.text:_ZNSt3__215__tree_iteratorINS_12__value_typeIi13sensor_structEEPNS_11__tree_nodeIS3_PvEEiEC1ES7_)
                  00003b94    00000014     sense.obj (.text:_ZNSt3__216allocator_traitsINS_9allocatorINS_11__tree_nodeINS_12__value_typeIi13sensor_structEEPvEEEEE10deallocateERS8_PS7_j)
                  00003ba8    00000014     sense.obj (.text:_ZNSt3__216allocator_traitsINS_9allocatorINS_11__tree_nodeINS_12__value_typeIi13sensor_structEEPvEEEEE7destroyINS_4pairIKiS4_EEEEvRS8_PT_)
                  00003bbc    00000014     sense.obj (.text:_ZNSt3__217__compressed_pairINS_15__tree_end_nodeIPNS_16__tree_node_baseIPvEEEENS_9allocatorINS_11__tree_nodeINS_12__value_typeIi13sensor_structEES3_EEEEEC1ILb1EvEEv)
                  00003bd0    00000012     sense.obj (.text:_ZNKSt3__215__tree_iteratorINS_12__value_typeIi13sensor_structEEPNS_11__tree_nodeIS3_PvEEiEptEv)
                  00003be2    00000012     sense.obj (.text:_ZNKSt3__26__treeINS_12__value_typeIi13sensor_structEENS_19__map_value_compareIiS3_NS_4lessIiEELb1EEENS_9allocatorIS3_EEE10__end_nodeEv)
                  00003bf4    00000012     sense.obj (.text:_ZNSt3__215__tree_end_nodeIPNS_16__tree_node_baseIPvEEEC1Ev)
                  00003c06    00000012     sense.obj (.text:_ZNSt3__216__tree_node_baseIPvE12__set_parentEPS2_)
                  00003c18    00000012     sense.obj (.text:_ZNSt3__216allocator_traitsINS_9allocatorINS_11__tree_nodeINS_12__value_typeIi13sensor_structEEPvEEEEE8allocateERS8_j)
                  00003c2a    00000012     sense.obj (.text:_ZNSt3__26__treeINS_12__value_typeIi13sensor_structEENS_19__map_value_compareIiS3_NS_4lessIiEELb1EEENS_9allocatorIS3_EEE10__end_nodeEv)
                  00003c3c    00000010     msp432p4xx_driverlib.lib : adc14.o (.text:ADC14_enableModule)
                  00003c4c    00000010                              : gpio.o (.text:GPIO_getInterruptStatus)
                  00003c5c    00000010                              : interrupt.o (.text:Interrupt_disableMaster)
                  00003c6c    00000010                              : interrupt.o (.text:Interrupt_enableMaster)
                  00003c7c    00000010     sense.obj (.text:_ZN9ConverterD1Ev)
                  00003c8c    00000010     sense.obj (.text:_ZNKSt3__26__treeINS_12__value_typeIi13sensor_structEENS_19__map_value_compareIiS3_NS_4lessIiEELb1EEENS_9allocatorIS3_EEE10__root_ptrEv)
                  00003c9c    00000010     sense.obj (.text:_ZNKSt3__29allocatorINS_11__tree_nodeINS_12__value_typeIi13sensor_structEEPvEEE8max_sizeEv)
                  00003cac    00000010     sense.obj (.text:_ZNSt3__210unique_ptrINS_11__tree_nodeINS_12__value_typeIi13sensor_structEEPvEENS_22__tree_node_destructorINS_9allocatorIS6_EEEEED1Ev)
                  00003cbc    00000010     sense.obj (.text:_ZNSt3__212__tuple_leafILj0EOiLb0EEC2IivEEOT_)
                  00003ccc    00000010     sense.obj (.text:_ZNSt3__212__tuple_leafILj0ERKiLb0EEC2IS2_vEEOT_)
                  00003cdc    00000010     sense.obj (.text:_ZNSt3__216allocator_traitsINS_9allocatorINS_11__tree_nodeINS_12__value_typeIi13sensor_structEEPvEEEEE9__destroyINS_4pairIKiS4_EEEEvNS_17integral_constantIbLb0EEERS8_PT_)
                  00003cec    00000010     sense.obj (.text:_ZNSt3__219__map_value_compareIiNS_12__value_typeIi13sensor_structEENS_4lessIiEELb1EEC1ES5_)
                  00003cfc    00000010     sense.obj (.text:_ZNSt3__222__compressed_pair_elemINS_19__map_value_compareIiNS_12__value_typeIi13sensor_structEENS_4lessIiEELb1EEELi1ELb1EEC1IRKS7_vEEOT_)
                  00003d0c    00000010     sense.obj (.text:_ZNSt3__222__compressed_pair_elemINS_19__map_value_compareIiNS_12__value_typeIi13sensor_structEENS_4lessIiEELb1EEELi1ELb1EEC2IRKS7_vEEOT_)
                  00003d1c    00000010     sense.obj (.text:_ZNSt3__222__compressed_pair_elemINS_22__tree_node_destructorINS_9allocatorINS_11__tree_nodeINS_12__value_typeIi13sensor_structEEPvEEEEEELi1ELb0EEC2ISA_vEEOT_)
                  00003d2c    00000010     sense.obj (.text:_ZNSt3__222__compressed_pair_elemIPNS_11__tree_nodeINS_12__value_typeIi13sensor_structEEPvEELi0ELb0EEC2IRS7_vEEOT_)
                  00003d3c    00000010     sense.obj (.text:_ZNSt3__222__compressed_pair_elemIPNS_11__tree_nodeINS_12__value_typeIi13sensor_structEEPvEELi0ELb0EEC2IS7_vEEOT_)
                  00003d4c    00000010     sense.obj (.text:_ZNSt3__222__compressed_pair_elemIjLi0ELb0EEC2IivEEOT_)
                  00003d5c    00000010     sense.obj (.text:_ZNSt3__29allocatorINS_11__tree_nodeINS_12__value_typeIi13sensor_structEEPvEEE10deallocateEPS6_j)
                  00003d6c    0000000e     msp432p4xx_driverlib.lib : uart.o (.text:UART_clearInterruptFlag)
                  00003d7a    0000000e     sense.obj (.text:_ZNKSt3__210unique_ptrINS_11__tree_nodeINS_12__value_typeIi13sensor_structEEPvEENS_22__tree_node_destructorINS_9allocatorIS6_EEEEE3getEv)
                  00003d88    0000000e     sense.obj (.text:_ZNKSt3__210unique_ptrINS_11__tree_nodeINS_12__value_typeIi13sensor_structEEPvEENS_22__tree_node_destructorINS_9allocatorIS6_EEEEEptEv)
                  00003d96    0000000e     sense.obj (.text:_ZNKSt3__215__tree_iteratorINS_12__value_typeIi13sensor_structEEPNS_11__tree_nodeIS3_PvEEiE8__get_npEv)
                  00003da4    0000000e     sense.obj (.text:_ZNKSt3__216__tree_node_baseIPvE15__parent_unsafeEv)
                  00003db2    0000000e     sense.obj (.text:_ZNKSt3__26__treeINS_12__value_typeIi13sensor_structEENS_19__map_value_compareIiS3_NS_4lessIiEELb1EEENS_9allocatorIS3_EEE6__rootEv)
                  00003dc0    0000000e     sense.obj (.text:_ZNSt3__212__tuple_leafILj0EOiLb0EE3getEv)
                  00003dce    0000000e     sense.obj (.text:_ZNSt3__212__tuple_leafILj0ERKiLb0EE3getEv)
                  00003ddc    0000000e     sense.obj (.text:_ZNSt3__217__compressed_pairIPNS_11__tree_nodeINS_12__value_typeIi13sensor_structEEPvEENS_22__tree_node_destructorINS_9allocatorIS6_EEEEE6secondEv)
                  00003dea    0000000e     sense.obj (.text:_ZNSt3__222__compressed_pair_elemINS_15__tree_end_nodeIPNS_16__tree_node_baseIPvEEEELi0ELb0EEC1Ev)
                  00003df8    0000000e     sense.obj (.text:_ZNSt3__222__compressed_pair_elemINS_9allocatorINS_11__tree_nodeINS_12__value_typeIi13sensor_structEEPvEEEELi1ELb1EEC1Ev)
                  00003e06    0000000e     sense.obj (.text:_ZNSt3__23mapIi13sensor_structNS_4lessIiEENS_9allocatorINS_4pairIKiS1_EEEEED1Ev)
                  00003e14    0000000e     sense.obj (.text:_ZNSt3__26__treeINS_12__value_typeIi13sensor_structEENS_19__map_value_compareIiS3_NS_4lessIiEELb1EEENS_9allocatorIS3_EEE10value_compEv)
                  00003e22    0000000e     sense.obj (.text:_ZNSt3__26__treeINS_12__value_typeIi13sensor_structEENS_19__map_value_compareIiS3_NS_4lessIiEELb1EEENS_9allocatorIS3_EEE12__node_allocEv)
                  00003e30    0000000e     sense.obj (.text:_ZNSt3__26__treeINS_12__value_typeIi13sensor_structEENS_19__map_value_compareIiS3_NS_4lessIiEELb1EEENS_9allocatorIS3_EEE4sizeEv)
                  00003e3e    0000000e     sense.obj (.text:_ZnwjPv)
                  00003e4c    0000000e     rtsv7M4_T_le_v4SPD16_eabi.lib : copy_decompress_none.c.obj (.text:decompress:none:__TI_decompress_none)
                  00003e5a    0000000e     startup_msp432p401r_ccs.obj (.text)
                  00003e68    0000000c     msp432p4xx_driverlib.lib : cpu.o (.text:CPU_cpsid)
                  00003e74    0000000c                              : cpu.o (.text:CPU_cpsie)
                  00003e80    0000000c                              : uart.o (.text:UART_enableModule)
                  00003e8c    0000000c     sense.obj (.text:_ZNKSt3__217__compressed_pairINS_15__tree_end_nodeIPNS_16__tree_node_baseIPvEEEENS_9allocatorINS_11__tree_nodeINS_12__value_typeIi13sensor_structEES3_EEEEE5firstEv)
                  00003e98    0000000c     sense.obj (.text:_ZNKSt3__217__compressed_pairIPNS_11__tree_nodeINS_12__value_typeIi13sensor_structEEPvEENS_22__tree_node_destructorINS_9allocatorIS6_EEEEE5firstEv)
                  00003ea4    0000000c     sense.obj (.text:_ZNKSt3__222__compressed_pair_elemINS_15__tree_end_nodeIPNS_16__tree_node_baseIPvEEEELi0ELb0EE5__getEv)
                  00003eb0    0000000c     sense.obj (.text:_ZNKSt3__222__compressed_pair_elemIPNS_11__tree_nodeINS_12__value_typeIi13sensor_structEEPvEELi0ELb0EE5__getEv)
                  00003ebc    0000000c     sense.obj (.text:_ZNSt3__210__allocateEj)
                  00003ec8    0000000c     sense.obj (.text:_ZNSt3__210unique_ptrINS_11__tree_nodeINS_12__value_typeIi13sensor_structEEPvEENS_22__tree_node_destructorINS_9allocatorIS6_EEEEE11get_deleterEv)
                  00003ed4    0000000c     comms.obj (.text:_ZNSt3__213__unwrap_iterIPVfEET_S3_)
                  00003ee0    0000000c     comms.obj (.text:_ZNSt3__213__unwrap_iterIPfEET_S2_)
                  00003eec    0000000c     sense.obj (.text:_ZNSt3__214pointer_traitsIPNS_12__value_typeIi13sensor_structEEE10pointer_toERS3_)
                  00003ef8    0000000c     sense.obj (.text:_ZNSt3__214pointer_traitsIPNS_15__tree_end_nodeIPNS_16__tree_node_baseIPvEEEEE10pointer_toERS6_)
                  00003f04    0000000c     sense.obj (.text:_ZNSt3__217__compressed_pairINS_15__tree_end_nodeIPNS_16__tree_node_baseIPvEEEENS_9allocatorINS_11__tree_nodeINS_12__value_typeIi13sensor_structEES3_EEEEE5firstEv)
                  00003f10    0000000c     sense.obj (.text:_ZNSt3__217__compressed_pairINS_15__tree_end_nodeIPNS_16__tree_node_baseIPvEEEENS_9allocatorINS_11__tree_nodeINS_12__value_typeIi13sensor_structEES3_EEEEE6secondEv)
                  00003f1c    0000000c     sense.obj (.text:_ZNSt3__217__compressed_pairIPNS_11__tree_nodeINS_12__value_typeIi13sensor_structEEPvEENS_22__tree_node_destructorINS_9allocatorIS6_EEEEE5firstEv)
                  00003f28    0000000c     sense.obj (.text:_ZNSt3__217__compressed_pairIjNS_19__map_value_compareIiNS_12__value_typeIi13sensor_structEENS_4lessIiEELb1EEEE5firstEv)
                  00003f34    0000000c     sense.obj (.text:_ZNSt3__217__compressed_pairIjNS_19__map_value_compareIiNS_12__value_typeIi13sensor_structEENS_4lessIiEELb1EEEE6secondEv)
                  00003f40    0000000c     sense.obj (.text:_ZNSt3__219__libcpp_deallocateEPv)
                  00003f4c    0000000c     sense.obj (.text:_ZNSt3__222__compressed_pair_elemINS_15__tree_end_nodeIPNS_16__tree_node_baseIPvEEEELi0ELb0EE5__getEv)
                  00003f58    0000000c     sense.obj (.text:_ZNSt3__222__compressed_pair_elemINS_15__tree_end_nodeIPNS_16__tree_node_baseIPvEEEELi0ELb0EEC2Ev)
                  00003f64    0000000c     sense.obj (.text:_ZNSt3__222__compressed_pair_elemINS_19__map_value_compareIiNS_12__value_typeIi13sensor_structEENS_4lessIiEELb1EEELi1ELb1EE5__getEv)
                  00003f70    0000000c     sense.obj (.text:_ZNSt3__222__compressed_pair_elemINS_22__tree_node_destructorINS_9allocatorINS_11__tree_nodeINS_12__value_typeIi13sensor_structEEPvEEEEEELi1ELb0EE5__getEv)
                  00003f7c    0000000c     sense.obj (.text:_ZNSt3__222__compressed_pair_elemINS_9allocatorINS_11__tree_nodeINS_12__value_typeIi13sensor_structEEPvEEEELi1ELb1EE5__getEv)
                  00003f88    0000000c     sense.obj (.text:_ZNSt3__222__compressed_pair_elemINS_9allocatorINS_11__tree_nodeINS_12__value_typeIi13sensor_structEEPvEEEELi1ELb1EEC2Ev)
                  00003f94    0000000c     sense.obj (.text:_ZNSt3__222__compressed_pair_elemIPNS_11__tree_nodeINS_12__value_typeIi13sensor_structEEPvEELi0ELb0EE5__getEv)
                  00003fa0    0000000c     sense.obj (.text:_ZNSt3__222__compressed_pair_elemIjLi0ELb0EE5__getEv)
                  00003fac    0000000c     sense.obj (.text:_ZNSt3__222__tree_key_value_typesINS_12__value_typeIi13sensor_structEEE9__get_ptrERS3_)
                  00003fb8    0000000c     sense.obj (.text:_ZNSt3__23getILj0EJOiEEERNS_13tuple_elementIXT_ENS_5tupleIJDpT0_EEEE4typeERS6_)
                  00003fc4    0000000c     sense.obj (.text:_ZNSt3__23getILj0EJRKiEEERNS_13tuple_elementIXT_ENS_5tupleIJDpT0_EEEE4typeERS7_)
                  00003fd0    0000000c     sense.obj (.text:_ZNSt3__24moveIRNS_22__tree_node_destructorINS_9allocatorINS_11__tree_nodeINS_12__value_typeIi13sensor_structEEPvEEEEEEEEONS_16remove_referenceIT_E4typeEOSD_)
                  00003fdc    0000000c     sense.obj (.text:_ZNSt3__24moveIRiEEONS_16remove_referenceIT_E4typeEOS3_)
                  00003fe8    0000000c     sense.obj (.text:_ZNSt3__26__treeINS_12__value_typeIi13sensor_structEENS_19__map_value_compareIiS3_NS_4lessIiEELb1EEENS_9allocatorIS3_EEE12__begin_nodeEv)
                  00003ff4    0000000c     sense.obj (.text:_ZNSt3__27forwardINS_15__tree_iteratorINS_12__value_typeIi13sensor_structEEPNS_11__tree_nodeIS4_PvEEiEEEEOT_RNS_16remove_referenceISA_E4typeE)
                  00004000    0000000c     sense.obj (.text:_ZNSt3__27forwardINS_22__tree_node_destructorINS_9allocatorINS_11__tree_nodeINS_12__value_typeIi13sensor_structEEPvEEEEEEEEOT_RNS_16remove_referenceISB_E4typeE)
                  0000400c    0000000c     sense.obj (.text:_ZNSt3__27forwardINS_5tupleIJEEEEEOT_RNS_16remove_referenceIS3_E4typeE)
                  00004018    0000000c     sense.obj (.text:_ZNSt3__27forwardINS_5tupleIJOiEEEEEOT_RNS_16remove_referenceIS4_E4typeE)
                  00004024    0000000c     sense.obj (.text:_ZNSt3__27forwardINS_5tupleIJRKiEEEEEOT_RNS_16remove_referenceIS5_E4typeE)
                  00004030    0000000c     sense.obj (.text:_ZNSt3__27forwardIOiEEOT_RNS_16remove_referenceIS2_E4typeE)
                  0000403c    0000000c     sense.obj (.text:_ZNSt3__27forwardIPNS_11__tree_nodeINS_12__value_typeIi13sensor_structEEPvEEEEOT_RNS_16remove_referenceIS8_E4typeE)
                  00004048    0000000c     sense.obj (.text:_ZNSt3__27forwardIRKNS_19__map_value_compareIiNS_12__value_typeIi13sensor_structEENS_4lessIiEELb1EEEEEOT_RNS_16remove_referenceISA_E4typeE)
                  00004054    0000000c     sense.obj (.text:_ZNSt3__27forwardIRKNS_21piecewise_construct_tEEEOT_RNS_16remove_referenceIS4_E4typeE)
                  00004060    0000000c     sense.obj (.text:_ZNSt3__27forwardIRKiEEOT_RNS_16remove_referenceIS3_E4typeE)
                  0000406c    0000000c     sense.obj (.text:_ZNSt3__27forwardIRPNS_11__tree_nodeINS_12__value_typeIi13sensor_structEEPvEEEEOT_RNS_16remove_referenceIS9_E4typeE)
                  00004078    0000000c     sense.obj (.text:_ZNSt3__27forwardIRbEEOT_RNS_16remove_referenceIS2_E4typeE)
                  00004084    0000000c     sense.obj (.text:_ZNSt3__27forwardIiEEOT_RNS_16remove_referenceIS1_E4typeE)
                  00004090    0000000c     sense.obj (.text:_ZNSt3__29addressofINS_12__value_typeIi13sensor_structEEEEPT_RS4_)
                  0000409c    0000000c     sense.obj (.text:_ZNSt3__29addressofINS_15__tree_end_nodeIPNS_16__tree_node_baseIPvEEEEEEPT_RS7_)
                  000040a8    0000000c     sense.obj (.text:_ZNSt3__29addressofINS_4pairIKi13sensor_structEEEEPT_RS5_)
                  000040b4    0000000c     sense.obj (.text:_ZNSt3__29addressofIPNS_16__tree_node_baseIPvEEEEPT_RS5_)
                  000040c0    0000000c     sense.obj (.text:_ZNSt3__29allocatorINS_11__tree_nodeINS_12__value_typeIi13sensor_structEEPvEEEC1Ev)
                  000040cc    0000000c     sense.obj (.text:_ZNSt3__29allocatorINS_11__tree_nodeINS_12__value_typeIi13sensor_structEEPvEEEC2Ev)
                  000040d8    0000000c     rtsv7M4_T_le_v4SPD16_eabi.lib : new.cpp.obj (.text:_ZSt15get_new_handlerv)
                  000040e4    0000000c                                   : dtor_list.c.obj (.text:__cxa_finalize)
                  000040f0    0000000c                                   : guard.c.obj (.text:__cxa_guard_acquire)
                  000040fc    0000000c                                   : copy_zero_init.c.obj (.text:decompress:ZI:__TI_zero_init)
                  00004108    0000000a     sense.obj (.text:_ZNSt3__220__throw_length_errorEPKc)
                  00004112    0000000a     rtsv7M4_T_le_v4SPD16_eabi.lib : guard.c.obj (.text:__cxa_guard_release)
                  0000411c    00000008     msp432p4xx_driverlib.lib : timer_a.o (.text:Timer_A_startCounter)
                  00004124    00000008     rtsv7M4_T_le_v4SPD16_eabi.lib : new.cpp.obj (.text:_ZdlPv)
                  0000412c    00000008                                   : memory.c.obj (.text:malloc)
                  00004134    00000006     msp432p4xx_driverlib.lib : uart.o (.text:UART_getInterruptStatus)
                  0000413a    00000006     rtsv7M4_T_le_v4SPD16_eabi.lib : dtor_list.c.obj (.text:__cxa_ia64_exit)
                  00004140    00000004                                   : pre_init.c.obj (.text:_system_pre_init)
                  00004144    00000004                                   : exit.c.obj (.text:abort:abort)

.const     0    00004148    00000210     
                  00004148    00000080     msp432p4xx_driverlib.lib : adc14.o (.const:_ctlRegs)
                  000041c8    00000050                              : interrupt.o (.const:g_pulRegs)
                  00004218    00000044     sense.obj (.const:.string:_ZZNSt3__29allocatorINS_11__tree_nodeINS_12__value_typeIi13sensor_structEEPvEEE8allocateEjPKvEs)
                  0000425c    00000040     msp432p4xx_driverlib.lib : interrupt.o (.const)
                  0000429c    00000024     initialization.obj (.const:uartConfig)
                  000042c0    00000018     initialization.obj (.const:controlTimerConfig)
                  000042d8    00000018     initialization.obj (.const:pwmTimerConfig1)
                  000042f0    00000018     initialization.obj (.const:pwmTimerConfig2)
                  00004308    00000018     initialization.obj (.const:pwmTimerConfig3)
                  00004320    00000018     initialization.obj (.const:pwmTimerConfig4)
                  00004338    00000018     initialization.obj (.const:sensorTimerConfig)
                  00004350    00000008     initialization.obj (.const:presAdc)

.cinit     0    00004358    00000080     
                  00004358    00000057     (.cinit..data.load) [load image, compression = lzss]
                  000043af    00000001     --HOLE-- [fill = 0]
                  000043b0    0000000c     (__TI_handler_table)
                  000043bc    00000004     --HOLE-- [fill = 0]
                  000043c0    00000008     (.cinit..bss.load) [load image, compression = zero_init]
                  000043c8    00000010     (__TI_cinit_table)

.init_array 
*          0    00000000    00000000     UNINITIALIZED

.binit     0    00000000    00000000     

.bss       0    20000000    00000610     UNINITIALIZED
                  20000000    00000100     comms.obj (.bss:arr8_stuff_rx$2)
                  20000100    000000fc     comms.obj (.bss:arr8_unstuff_rx$3)
                  200001fc    000000fc     comms.obj (.bss:arr_f$1)
                  200002f8    000000fc     comms.obj (.bss:arr_float_cat_rx$4)
                  200003f4    000000fc     (.common:uart_tx)
                  200004f0    000000a8     (.common:pres)
                  20000598    00000020     (.common:ctrl_params)
                  200005b8    00000018     sense.obj (.bss:_ZZ12sensorUpdatevE7convert)
                  200005d0    00000010     (.common:presFilt)
                  200005e0    00000010     (.common:pres_options)
                  200005f0    00000008     (.common:pres_des)
                  200005f8    00000008     (.common:prev_error)
                  20000600    00000004     rtsv7M4_T_le_v4SPD16_eabi.lib : new.cpp.obj (.bss)
                  20000604    00000004     sense.obj (.bss)
                  20000608    00000004     (.common:__dso_handle)
                  2000060c    00000001     sense.obj (.bss:$P$T153$2)
                  2000060d    00000001     sense.obj (.bss:$P$T157$3)
                  2000060e    00000001     sense.obj (.bss:_ZN30_INTERNAL_9_sense_cpp_b03d03f4St3__219piecewise_constructE)
                  2000060f    00000001     comms.obj (.bss)

.sysmem    0    20000610    00000400     UNINITIALIZED
                  20000610    00000010     rtsv7M4_T_le_v4SPD16_eabi.lib : memory.c.obj (.sysmem)
                  20000620    000003f0     --HOLE--

.data      0    20000a10    00000194     UNINITIALIZED
                  20000a10    000000fc     initialization.obj (.data:uart_rx)
                  20000b0c    00000030     msp432p4xx_driverlib.lib : gpio.o (.data:GPIO_PORT_TO_BASE)
                  20000b3c    00000018     initialization.obj (.data)
                  20000b54    0000000c     rtsv7M4_T_le_v4SPD16_eabi.lib : exit.c.obj (.data:$O1$$)
                  20000b60    00000008                                   : _lock.c.obj (.data:$O1$$)
                  20000b68    00000008                                   : memory.c.obj (.data:$O1$$)
                  20000b70    00000008     initialization.obj (.data:encCounts)
                  20000b78    00000008     control.obj (.data:errInt$1)
                  20000b80    00000008     initialization.obj (.data:theta1)
                  20000b88    00000008     initialization.obj (.data:theta2)
                  20000b90    00000006     initialization.obj (.data:encPins)
                  20000b96    00000002     initialization.obj (.data:prevEncState)
                  20000b98    00000004     comms.obj (.data)
                  20000b9c    00000004     rtsv7M4_T_le_v4SPD16_eabi.lib : dtor_list.c.obj (.data)
                  20000ba0    00000004     system_msp432p401r.obj (.data)

.stack     0    2000fe00    00000200     UNINITIALIZED
                  2000fe00    00000004     rtsv7M4_T_le_v4SPD16_eabi.lib : boot_cortex_m.c.obj (.stack)
                  2000fe04    000001fc     --HOLE--

__llvm_prf_cnts 
*          0    20000000    00000000     UNINITIALIZED

MODULE SUMMARY

       Module                        code    ro data   rw data
       ------                        ----    -------   -------
    .\
       sense.obj                     6004    68        62     
       comms.obj                     1048    0         2034   
       initialization.obj            876     188       1616   
       system_msp432p401r.obj        820     0         8      
       encoder.obj                   744     0         0      
       control.obj                   712     0         16     
       main.obj                      456     0         0      
       startup_msp432p401r_ccs.obj   14      228       0      
    +--+-----------------------------+-------+---------+---------+
       Total:                        10674   484       3736   
                                                              
    C:/ti/msp432_driverlib_3_21_00_05/driverlib/MSP432P4xx/ccs/msp432p4xx_driverlib.lib
       adc14.o                       816     128       0      
       cs.o                          676     0         0      
       gpio.o                        508     0         96     
       timer_a.o                     352     0         0      
       interrupt.o                   168     144       0      
       uart.o                        274     0         0      
       sysctl.o                      80      0         0      
       flash.o                       40      0         0      
       cpu.o                         24      0         0      
       wdt_a.o                       24      0         0      
       fpu.o                         20      0         0      
    +--+-----------------------------+-------+---------+---------+
       Total:                        2982    272       96     
                                                              
    C:\ti\ccs1010\ccs\tools\compiler\ti-cgt-arm_20.2.1.LTS\lib\rtsv7M4_T_le_v4SPD16_eabi.lib
       memory.c.obj                  680     0         16     
       fd_add_t2.asm.obj             438     0         0      
       fd_div_t2.asm.obj             310     0         0      
       fd_mul_t2.asm.obj             252     0         0      
       dtor_list.c.obj               204     0         16     
       memcpy_t2.asm.obj             156     0         0      
       memset_t2.asm.obj             122     0         0      
       fd_tos_t2.asm.obj             110     0         0      
       copy_decompress_lzss.c.obj    104     0         0      
       exit.c.obj                    76      0         24     
       fd_toi_t2.asm.obj             72      0         0      
       autoinit.c.obj                68      0         0      
       new.cpp.obj                   54      0         8      
       fs_tod_t2.asm.obj             56      0         0      
       boot_cortex_m.c.obj           52      0         0      
       guard.c.obj                   22      0         0      
       _lock.c.obj                   2       0         16     
       copy_decompress_none.c.obj    14      0         0      
       copy_zero_init.c.obj          12      0         0      
       pre_init.c.obj                4       0         0      
    +--+-----------------------------+-------+---------+---------+
       Total:                        2808    0         80     
                                                              
       Heap:                         0       0         2048   
       Stack:                        0       0         1024   
       Linker Generated:             0       123       0      
    +--+-----------------------------+-------+---------+---------+
       Grand Total:                  16464   879       6984   


LINKER GENERATED COPY TABLES

__TI_cinit_table @ 000043c8 records: 2, size/record: 8, table size: 16
	.data: load addr=00004358, load size=00000057 bytes, run addr=20000a10, run size=00000194 bytes, compression=lzss
	.bss: load addr=000043c0, load size=00000008 bytes, run addr=20000000, run size=00000610 bytes, compression=zero_init


LINKER GENERATED HANDLER TABLE

__TI_handler_table @ 000043b0 records: 3, size/record: 4, table size: 12
	index: 0, handler: __TI_decompress_lzss
	index: 1, handler: __TI_decompress_none
	index: 2, handler: __TI_zero_init


GLOBAL SYMBOLS: SORTED ALPHABETICALLY BY Name 

address   name                                                                                                                                                                                                                                                                                         
-------   ----                                                                                                                                                                                                                                                                                         
00003e67  ADC14_IRQHandler                                                                                                                                                                                                                                                                             
00002a25  ADC14_configureConversionMemory                                                                                                                                                                                                                                                              
000028cd  ADC14_configureMultiSequenceMode                                                                                                                                                                                                                                                             
00003539  ADC14_enableConversion                                                                                                                                                                                                                                                                       
00003c3d  ADC14_enableModule                                                                                                                                                                                                                                                                           
00003665  ADC14_enableSampleTimer                                                                                                                                                                                                                                                                      
0000315d  ADC14_initModule                                                                                                                                                                                                                                                                             
00003aa5  ADC14_isBusy                                                                                                                                                                                                                                                                                 
00003ab9  ADC14_setResolution                                                                                                                                                                                                                                                                          
0000386d  ADC14_toggleConversionTrigger                                                                                                                                                                                                                                                                
00003e67  AES256_IRQHandler                                                                                                                                                                                                                                                                            
00003e67  BusFault_Handler                                                                                                                                                                                                                                                                             
00004145  C$$EXIT                                                                                                                                                                                                                                                                                      
00003e67  COMP_E0_IRQHandler                                                                                                                                                                                                                                                                           
00003e67  COMP_E1_IRQHandler                                                                                                                                                                                                                                                                           
00003e69  CPU_cpsid                                                                                                                                                                                                                                                                                    
00003e75  CPU_cpsie                                                                                                                                                                                                                                                                                    
00003e67  CS_IRQHandler                                                                                                                                                                                                                                                                                
000022bd  CS_initClockSignal                                                                                                                                                                                                                                                                           
0000372d  CS_setDCOCenteredFrequency                                                                                                                                                                                                                                                                   
00001c15  CS_setDCOFrequency                                                                                                                                                                                                                                                                           
00002c69  CS_tuneDCOFrequency                                                                                                                                                                                                                                                                          
00003e67  DMA_ERR_IRQHandler                                                                                                                                                                                                                                                                           
00003e67  DMA_INT0_IRQHandler                                                                                                                                                                                                                                                                          
00003e67  DMA_INT1_IRQHandler                                                                                                                                                                                                                                                                          
00003e67  DMA_INT2_IRQHandler                                                                                                                                                                                                                                                                          
00003e67  DMA_INT3_IRQHandler                                                                                                                                                                                                                                                                          
00003e67  DebugMon_Handler                                                                                                                                                                                                                                                                             
00003e67  Default_Handler                                                                                                                                                                                                                                                                              
00000d23  EUSCIA0_IRQHandler                                                                                                                                                                                                                                                                           
00000d23  EUSCIA0_IRQHandler                                                                                                                                                                                                                                                                           
00003e67  EUSCIA1_IRQHandler                                                                                                                                                                                                                                                                           
00003e67  EUSCIA2_IRQHandler                                                                                                                                                                                                                                                                           
00003e67  EUSCIA3_IRQHandler                                                                                                                                                                                                                                                                           
00003e67  EUSCIB0_IRQHandler                                                                                                                                                                                                                                                                           
00003e67  EUSCIB1_IRQHandler                                                                                                                                                                                                                                                                           
00003e67  EUSCIB2_IRQHandler                                                                                                                                                                                                                                                                           
00003e67  EUSCIB3_IRQHandler                                                                                                                                                                                                                                                                           
00003e67  FLCTL_IRQHandler                                                                                                                                                                                                                                                                             
00003e67  FPU_IRQHandler                                                                                                                                                                                                                                                                               
00003ae1  FPU_enableModule                                                                                                                                                                                                                                                                             
0000368d  FlashCtl_setWaitState                                                                                                                                                                                                                                                                        
00003991  GPIO_clearInterruptFlag                                                                                                                                                                                                                                                                      
00003af5  GPIO_enableInterrupt                                                                                                                                                                                                                                                                         
00003449  GPIO_getEnabledInterruptStatus                                                                                                                                                                                                                                                               
000039a9  GPIO_getInputPinValue                                                                                                                                                                                                                                                                        
00003c4d  GPIO_getInterruptStatus                                                                                                                                                                                                                                                                      
0000388d  GPIO_interruptEdgeSelect                                                                                                                                                                                                                                                                     
00003479  GPIO_setAsInputPinWithPullDownResistor                                                                                                                                                                                                                                                       
000034a9  GPIO_setAsInputPinWithPullUpResistor                                                                                                                                                                                                                                                         
00003751  GPIO_setAsOutputPin                                                                                                                                                                                                                                                                          
00002da5  GPIO_setAsPeripheralModuleFunctionInputPin                                                                                                                                                                                                                                                   
00002d0d  GPIO_setAsPeripheralModuleFunctionOutputPin                                                                                                                                                                                                                                                  
00003b09  GPIO_setOutputHighOnPin                                                                                                                                                                                                                                                                      
000039c1  GPIO_setOutputLowOnPin                                                                                                                                                                                                                                                                       
00003b1d  GPIO_toggleOutputOnPin                                                                                                                                                                                                                                                                       
00003e67  HardFault_Handler                                                                                                                                                                                                                                                                            
00003c5d  Interrupt_disableMaster                                                                                                                                                                                                                                                                      
00002af9  Interrupt_enableInterrupt                                                                                                                                                                                                                                                                    
00003c6d  Interrupt_enableMaster                                                                                                                                                                                                                                                                       
00003775  Interrupt_setPriority                                                                                                                                                                                                                                                                        
00003e67  MemManage_Handler                                                                                                                                                                                                                                                                            
00003e67  NMI_Handler                                                                                                                                                                                                                                                                                  
00003e67  PCM_IRQHandler                                                                                                                                                                                                                                                                               
00003e67  PORT1_IRQHandler                                                                                                                                                                                                                                                                             
00003e67  PORT2_IRQHandler                                                                                                                                                                                                                                                                             
00003e67  PORT3_IRQHandler                                                                                                                                                                                                                                                                             
00003e67  PORT4_IRQHandler                                                                                                                                                                                                                                                                             
00003e67  PORT5_IRQHandler                                                                                                                                                                                                                                                                             
00003e67  PORT6_IRQHandler                                                                                                                                                                                                                                                                             
00003e67  PSS_IRQHandler                                                                                                                                                                                                                                                                               
00003e67  PendSV_Handler                                                                                                                                                                                                                                                                               
00003e67  RTC_C_IRQHandler                                                                                                                                                                                                                                                                             
00003e5b  Reset_Handler                                                                                                                                                                                                                                                                                
00003e67  SVC_Handler                                                                                                                                                                                                                                                                                  
00002cbd  SysCtl_getTLVInfo                                                                                                                                                                                                                                                                            
00003e67  SysTick_Handler                                                                                                                                                                                                                                                                              
20000ba0  SystemCoreClock                                                                                                                                                                                                                                                                              
00000e5d  SystemCoreClockUpdate                                                                                                                                                                                                                                                                        
000010d5  SystemInit                                                                                                                                                                                                                                                                                   
00003e67  T32_INT1_IRQHandler                                                                                                                                                                                                                                                                          
00003e67  T32_INT2_IRQHandler                                                                                                                                                                                                                                                                          
00003e67  T32_INTC_IRQHandler                                                                                                                                                                                                                                                                          
00003e67  TA0_0_IRQHandler                                                                                                                                                                                                                                                                             
00003e67  TA0_N_IRQHandler                                                                                                                                                                                                                                                                             
000002ff  TA1_0_IRQHandler                                                                                                                                                                                                                                                                             
000002ff  TA1_0_IRQHandler                                                                                                                                                                                                                                                                             
00003e67  TA1_N_IRQHandler                                                                                                                                                                                                                                                                             
000016d1  TA2_0_IRQHandler                                                                                                                                                                                                                                                                             
000016d1  TA2_0_IRQHandler                                                                                                                                                                                                                                                                             
00003e67  TA2_N_IRQHandler                                                                                                                                                                                                                                                                             
00003e67  TA3_0_IRQHandler                                                                                                                                                                                                                                                                             
00003e67  TA3_N_IRQHandler                                                                                                                                                                                                                                                                             
00003941  Timer_A_clearCaptureCompareInterrupt                                                                                                                                                                                                                                                         
00002f99  Timer_A_configureUpMode                                                                                                                                                                                                                                                                      
00002ded  Timer_A_generatePWM                                                                                                                                                                                                                                                                          
0000411d  Timer_A_startCounter                                                                                                                                                                                                                                                                         
00003d6d  UART_clearInterruptFlag                                                                                                                                                                                                                                                                      
00003a09  UART_enableInterrupt                                                                                                                                                                                                                                                                         
00003e81  UART_enableModule                                                                                                                                                                                                                                                                            
00004135  UART_getInterruptStatus                                                                                                                                                                                                                                                                      
00002595  UART_initModule                                                                                                                                                                                                                                                                              
00003799  UART_receiveData                                                                                                                                                                                                                                                                             
000037bd  UART_transmitData                                                                                                                                                                                                                                                                            
00003e67  UsageFault_Handler                                                                                                                                                                                                                                                                           
4000480c  WDTCTL_SYM                                                                                                                                                                                                                                                                                   
00003e67  WDT_A_IRQHandler                                                                                                                                                                                                                                                                             
000039d9  WDT_A_holdTimer                                                                                                                                                                                                                                                                              
00000c8f  _Z10ConcatDatahh                                                                                                                                                                                                                                                                             
[...]
000040e5  __cxa_finalize                                                                                                                                                                                                                                                                               
000040f1  __cxa_guard_acquire                                                                                                                                                                                                                                                                          
000040fd  __TI_zero_init                                                                                                                                                                                                                                                                               
00004109  _ZNSt3__220__throw_length_errorEPKc                                                                                                                                                                                                                                                          
00004113  __cxa_guard_release                                                                                                                                                                                                                                                                          
0000411d  Timer_A_startCounter                                                                                                                                                                                                                                                                         
00004125  _ZdlPv                                                                                                                                                                                                                                                                                       
0000412d  malloc                                                                                                                                                                                                                                                                                       
00004135  UART_getInterruptStatus                                                                                                                                                                                                                                                                      
0000413b  __cxa_ia64_exit                                                                                                                                                                                                                                                                              
00004141  _system_pre_init                                                                                                                                                                                                                                                                             
00004145  C$$EXIT                                                                                                                                                                                                                                                                                      
00004145  _ZSt17__throw_bad_allocv                                                                                                                                                                                                                                                                     
00004145  abort                                                                                                                                                                                                                                                                                        
00004218  _ZZNSt3__29allocatorINS_11__tree_nodeINS_12__value_typeIi13sensor_structEEPvEEE8allocateEjPKvEs                                                                                                                                                                                              
0000429c  uartConfig                                                                                                                                                                                                                                                                                   
000042c0  controlTimerConfig                                                                                                                                                                                                                                                                           
000042d8  pwmTimerConfig1                                                                                                                                                                                                                                                                              
000042f0  pwmTimerConfig2                                                                                                                                                                                                                                                                              
00004308  pwmTimerConfig3                                                                                                                                                                                                                                                                              
00004320  pwmTimerConfig4                                                                                                                                                                                                                                                                              
00004338  sensorTimerConfig                                                                                                                                                                                                                                                                            
00004350  presAdc                                                                                                                                                                                                                                                                                      
000043b0  __TI_Handler_Table_Base                                                                                                                                                                                                                                                                      
000043bc  __TI_Handler_Table_Limit                                                                                                                                                                                                                                                                     
000043c8  __TI_CINIT_Base                                                                                                                                                                                                                                                                              
000043d8  __TI_CINIT_Limit                                                                                                                                                                                                                                                                             
20000000  __start___llvm_prf_cnts                                                                                                                                                                                                                                                                      
20000000  __stop___llvm_prf_cnts                                                                                                                                                                                                                                                                       
200003f4  uart_tx                                                                                                                                                                                                                                                                                      
200004f0  pres                                                                                                                                                                                                                                                                                         
20000598  ctrl_params                                                                                                                                                                                                                                                                                  
200005d0  presFilt                                                                                                                                                                                                                                                                                     
200005e0  pres_options                                                                                                                                                                                                                                                                                 
200005f0  pres_des                                                                                                                                                                                                                                                                                     
200005f8  prev_error                                                                                                                                                                                                                                                                                   
20000608  __dso_handle                                                                                                                                                                                                                                                                                 
20000610  _sys_memory                                                                                                                                                                                                                                                                                  
20000a10  uart_rx                                                                                                                                                                                                                                                                                      
20000b3c  sensorFlag                                                                                                                                                                                                                                                                                   
20000b40  ctrlcount                                                                                                                                                                                                                                                                                    
20000b44  controlFlag                                                                                                                                                                                                                                                                                  
20000b48  newSetpointFlag                                                                                                                                                                                                                                                                              
20000b4c  sendDataCount                                                                                                                                                                                                                                                                                
20000b50  updateValuesFlag                                                                                                                                                                                                                                                                             
20000b54  __TI_cleanup_ptr                                                                                                                                                                                                                                                                             
20000b58  __TI_dtors_ptr                                                                                                                                                                                                                                                                               
20000b5c  __TI_enable_exit_profile_output                                                                                                                                                                                                                                                              
20000b60  _lock                                                                                                                                                                                                                                                                                        
20000b64  _unlock                                                                                                                                                                                                                                                                                      
20000b70  encCounts                                                                                                                                                                                                                                                                                    
20000b80  theta1                                                                                                                                                                                                                                                                                       
20000b88  theta2                                                                                                                                                                                                                                                                                       
20000b90  encPins                                                                                                                                                                                                                                                                                      
20000b96  prevEncState                                                                                                                                                                                                                                                                                 
20000ba0  SystemCoreClock                                                                                                                                                                                                                                                                              
2000fe00  __stack                                                                                                                                                                                                                                                                                      
20010000  __STACK_END                                                                                                                                                                                                                                                                                  
4000480c  WDTCTL_SYM                                                                                                                                                                                                                                                                                   
ffffffff  __TI_pprof_out_hndl                                                                                                                                                                                                                                                                          
ffffffff  __TI_prof_data_size                                                                                                                                                                                                                                                                          
ffffffff  __TI_prof_data_start                                                                                                                                                                                                                                                                         
ffffffff  __binit__                                                                                                                                                                                                                                                                                    
ffffffff  __c_args__                                                                                                                                                                                                                                                                                   
ffffffff  binit                                                                                                                                                                                                                                                                                        
UNDEFED   __mpu_init                                                                                                                                                                                                                                                                                   
UNDEFED   _system_post_cinit                                                                                                                                                                                                                                                                           

[377 symbols]
